// Jest Snapshot v1, https://goo.gl/fbAQLP

exports[`PaymentPlans renders 1`] = `
<div
  className="sc-AxjAm StDqN my-3"
>
  <div
    className="container"
  >
    <div
      className="pt-5 pb-3 mb-5 px-4 px-md-5 shadow border-0 d-block d-md-none card"
    >
      <div
        className="card-title"
      >
        <h1
          className="paymentPlan-title"
        >
          Planos de Pagamento
        </h1>
      </div>
      <div
        className="card-body"
      >
        <div
          className="p-4 my-3 b-payment-plan border-primary b-payment-plan__active card"
          style={
            Object {
              "borderWidth": 1,
              "opacity": 1,
            }
          }
        >
          <div
            className="row"
          >
            <div
              className="align-items-stretch col-12 col-lg-8"
            >
              <div
                className="text-left h-100 row"
              >
                <div
                  className="my-auto pr-4 col-1"
                >
                  <svg
                    className="text-primary"
                    fill="currentColor"
                    height={20}
                    size={20}
                    stroke="currentColor"
                    strokeWidth="0"
                    style={
                      Object {
                        "color": undefined,
                      }
                    }
                    viewBox="0 0 512 512"
                    width={20}
                    xmlns="http://www.w3.org/2000/svg"
                  >
                    <path
                      d="M504 256c0 136.967-111.033 248-248 248S8 392.967 8 256 119.033 8 256 8s248 111.033 248 248zM227.314 387.314l184-184c6.248-6.248 6.248-16.379 0-22.627l-22.627-22.627c-6.248-6.249-16.379-6.249-22.628 0L216 308.118l-70.059-70.059c-6.248-6.248-16.379-6.248-22.628 0l-22.627 22.627c-6.248 6.248-6.248 16.379 0 22.627l104 104c6.249 6.249 16.379 6.249 22.628.001z"
                    />
                  </svg>
                </div>
                <div
                  className="my-auto col"
                >
                  <span
                    className="font-weight-bold text-primary d-block"
                  >
                    Inscrição até
                     
                    29/05/2020
                  </span>
                  <span
                    className="font-weight-bold text-light d-block"
                  >
                    US$ 4.000,00
                  </span>
                </div>
              </div>
            </div>
            <div
              className="text-right my-auto col-12 col-lg-4"
            >
              <span
                className="text-light small d-block"
              >
                Entrada
              </span>
              <span
                className="font-weight-bold text-dark d-block"
              >
                R$ 0,00
              </span>
              <span
                className="text-light small d-block"
              >
                + 
                10
                x
                 
                R$ 2.000,00
              </span>
            </div>
          </div>
        </div>
        <div
          className="px-3 row"
        >
          <button
            aria-label={null}
            className="ml-auto text-uppercase mt-2 btn btn-warning"
            onClick={[Function]}
            onMouseEnter={[Function]}
            type="button"
          >
            Reservar
          </button>
        </div>
      </div>
    </div>
  </div>
</div>
`;
